/Users/alvaroterroso/Desktop/faculdade_etc/3ano/2sem/SD/projetoSD/java/src/main/java/googol/backend/Downloader.java
/Users/alvaroterroso/Desktop/faculdade_etc/3ano/2sem/SD/projetoSD/java/src/main/java/googol/frontend/config/AppConfig.java
/Users/alvaroterroso/Desktop/faculdade_etc/3ano/2sem/SD/projetoSD/java/src/main/java/googol/frontend/model/AnalysisRequest.java
/Users/alvaroterroso/Desktop/faculdade_etc/3ano/2sem/SD/projetoSD/java/src/main/java/googol/frontend/model/IndexResponse.java
/Users/alvaroterroso/Desktop/faculdade_etc/3ano/2sem/SD/projetoSD/java/src/main/java/googol/frontend/controllers/LinksToController.java
/Users/alvaroterroso/Desktop/faculdade_etc/3ano/2sem/SD/projetoSD/java/src/main/java/googol/backend/BarrelInterface.java
/Users/alvaroterroso/Desktop/faculdade_etc/3ano/2sem/SD/projetoSD/java/src/main/java/googol/backend/URLQueue.java
/Users/alvaroterroso/Desktop/faculdade_etc/3ano/2sem/SD/projetoSD/java/src/main/java/googol/frontend/model/Stats.java
/Users/alvaroterroso/Desktop/faculdade_etc/3ano/2sem/SD/projetoSD/java/src/main/java/googol/backend/Client.java
/Users/alvaroterroso/Desktop/faculdade_etc/3ano/2sem/SD/projetoSD/java/src/main/java/googol/backend/URLQueueInterface.java
/Users/alvaroterroso/Desktop/faculdade_etc/3ano/2sem/SD/projetoSD/java/src/main/java/googol/backend/Gateway.java
/Users/alvaroterroso/Desktop/faculdade_etc/3ano/2sem/SD/projetoSD/java/src/main/java/googol/frontend/model/HackerNewsStory.java
/Users/alvaroterroso/Desktop/faculdade_etc/3ano/2sem/SD/projetoSD/java/src/main/java/googol/backend/Barrel.java
/Users/alvaroterroso/Desktop/faculdade_etc/3ano/2sem/SD/projetoSD/java/src/main/java/googol/frontend/controllers/Top10Controller.java
/Users/alvaroterroso/Desktop/faculdade_etc/3ano/2sem/SD/projetoSD/java/src/main/java/googol/frontend/GoogolWebApplication.java
/Users/alvaroterroso/Desktop/faculdade_etc/3ano/2sem/SD/projetoSD/java/src/main/java/googol/frontend/config/WebSocketConfig.java
/Users/alvaroterroso/Desktop/faculdade_etc/3ano/2sem/SD/projetoSD/java/src/main/java/googol/backend/DownloaderInterface.java
/Users/alvaroterroso/Desktop/faculdade_etc/3ano/2sem/SD/projetoSD/java/src/main/java/googol/frontend/BackendClient.java
/Users/alvaroterroso/Desktop/faculdade_etc/3ano/2sem/SD/projetoSD/java/src/main/java/googol/frontend/controllers/SearchController.java
/Users/alvaroterroso/Desktop/faculdade_etc/3ano/2sem/SD/projetoSD/java/src/main/java/googol/frontend/model/IndexRequest.java
/Users/alvaroterroso/Desktop/faculdade_etc/3ano/2sem/SD/projetoSD/java/src/main/java/googol/frontend/controllers/WebSocketStatsController.java
/Users/alvaroterroso/Desktop/faculdade_etc/3ano/2sem/SD/projetoSD/java/src/main/java/googol/frontend/controllers/StatsController.java
/Users/alvaroterroso/Desktop/faculdade_etc/3ano/2sem/SD/projetoSD/java/src/main/java/googol/frontend/controllers/OpenAIController.java
/Users/alvaroterroso/Desktop/faculdade_etc/3ano/2sem/SD/projetoSD/java/src/main/java/googol/frontend/controllers/HomeController.java
/Users/alvaroterroso/Desktop/faculdade_etc/3ano/2sem/SD/projetoSD/java/src/main/java/googol/frontend/controllers/HackerNewsController.java
/Users/alvaroterroso/Desktop/faculdade_etc/3ano/2sem/SD/projetoSD/java/src/main/java/googol/frontend/controllers/AddUrlController.java
/Users/alvaroterroso/Desktop/faculdade_etc/3ano/2sem/SD/projetoSD/java/src/main/java/googol/backend/GatewayInterface.java
